// Jest Snapshot v1, https://goo.gl/fbAQLP

exports[`should add expense correctly 1`] = `
<div
  className="page-header"
>
  <div
    className="content-container"
  >
    <h1>
      Add Expense
    </h1>
  </div>
  <div />
  <div
    className="content-container"
  >
    <ExpenseForm
      onSubmit={[Function]}
    />
  </div>
</div>
`;
